<html>
<body>
<pre>
<h1>µVision Build Log</h1>
<h2>Tool Versions:</h2>
IDE-Version: ¦ÌVision V5.20.0.39
Copyright (C) 2016 ARM Ltd and ARM Germany GmbH. All rights reserved.
License Information: 1 2, 3, LIC=CZL01-CSSGQ-DY6V3-A9GYM-EZBPV-M8W1Q
 
Tool Versions:
Toolchain:       MDK-ARM Plus  Version: 5.24.1
Toolchain Path:  C:\Keil_v5\ARM\ARMCC\Bin
C Compiler:      Armcc.exe V5.06 update 5 (build 528)
Assembler:       Armasm.exe V5.06 update 5 (build 528)
Linker/Locator:  ArmLink.exe V5.06 update 5 (build 528)
Library Manager: ArmAr.exe V5.06 update 5 (build 528)
Hex Converter:   FromElf.exe V5.06 update 5 (build 528)
CPU DLL:         SARMCM3.DLL V5.24.1
Dialog DLL:      DCM.DLL V1.16.0.0
Target DLL:      STLink\ST-LINKIII-KEIL_SWO.dll V3.0.1.0
Dialog DLL:      TCM.DLL V1.32.0.0
 
<h2>Project:</h2>
D:\development\embed\st\src\ahg081\fortuna\MDK-ARM\fortuna.uvprojx
Project File Date:  04/23/2018

<h2>Output:</h2>
*** Using Compiler 'V5.06 update 5 (build 528)', folder: 'C:\Keil_v5\ARM\ARMCC\Bin'
Build target 'fortuna'
compiling mb_poll_port_timer.c...
compiling mb_poll_port_serial.c...
compiling modbus_poll.c...
compiling comm_port_serial.c...
compiling comm_port_timer.c...
compiling comm_protocol.c...
compiling dc_ctrl_task.c...
compiling compressor_task.c...
compiling calibrate_cache_task.c...
compiling display_task.c...
compiling door_status_task.c...
compiling debug_task.c...
compiling fan_ctrl_task.c...
compiling glass_pwr_task.c...
compiling host_comm_task.c...
compiling light_ctrl_task.c...
compiling lock_status_task.c...
compiling lock_ctrl_task.c...
compiling lock_switch_task.c...
compiling scale_comm_task.c...
compiling scale_func_task.c...
compiling scale_poll_task.c...
compiling sys_led_task.c...
compiling switch_task.c...
compiling temperature_cache_task.c...
compiling temperature_task.c...
compiling ups_status_task.c...
compiling watch_dog_task.c...
compiling lock_door_cache_task.c...
compiling weight_cache_task.c...
compiling digit_led.c...
compiling scales.c...
compiling freertos.c...
compiling app_log.c...
compiling app_error.c...
linking...
Program Size: Code=44112 RO-data=12620 RW-data=520 ZI-data=47448  
FromELF: creating hex file...
"fortuna\ahg081.axf" - 0 Error(s), 0 Warning(s).

<h2>Software Packages used:</h2>

Package Vendor: ARM
                http://www.keil.com/pack/ARM.CMSIS.5.2.0.pack
                ARM::CMSIS:CORE:5.0.2
                CMSIS (Cortex Microcontroller Software Interface Standard)
   * Component: CORE Version: 5.0.2

<h2>Collection of Component include folders:</h2>
  D:\development\embed\st\src\ahg081\fortuna\MDK-ARM\RTE
  C:\Keil_v5\ARM\PACK\ARM\CMSIS\5.2.0\CMSIS\Include
  C:\Keil_v5\ARM\PACK\Keil\STM32F1xx_DFP\2.2.0\Device\Include

<h2>Collection of Component Files used:</h2>

   * Component: ARM::CMSIS:CORE:5.0.2
Build Time Elapsed:  00:00:36
</pre>
</body>
</html>
